160.247.141.114 - - [15/Mar/2016:22:58:38 -0400] "GET /api/27838 HTTP/1.0" 200 22878
184.143.74.37 - - [15/Mar/2016:22:58:38 -0400] "GET /api/4710 HTTP/1.0" 302 19745
94.120.176.172 - - [15/Mar/2016:22:58:38 -0400] "GET /api/21327 HTTP/1.0" 200 29012
206.105.212.112 - - [15/Mar/2016:22:58:38 -0400] "GET /api/10076 HTTP/1.0" 200 20653
99.9.19.248 - - [15/Mar/2016:22:58:38 -0400] "GET /api/4961 HTTP/1.0" 302 17970
25.200.247.198 - - [15/Mar/2016:22:58:38 -0400] "GET /api/4743 HTTP/1.0" 200 6148
138.220.166.133 - - [15/Mar/2016:22:58:38 -0400] "GET /api/2482 HTTP/1.0" 200 23415
119.55.68.236 - - [15/Mar/2016:22:58:38 -0400] "GET /api/22299 HTTP/1.0" 302 30200
96.219.2.65 - - [15/Mar/2016:22:58:38 -0400] "GET /api/15332 HTTP/1.0" 500 31793
59.233.65.73 - - [15/Mar/2016:22:58:38 -0400] "GET /api/10096 HTTP/1.0" 302 10424
41.165.213.155 - - [15/Mar/2016:22:58:38 -0400] "GET /api/26518 HTTP/1.0" 200 30414
117.78.127.166 - - [15/Mar/2016:22:58:38 -0400] "GET /api/18119 HTTP/1.0" 200 23379
196.199.89.118 - - [15/Mar/2016:22:58:38 -0400] "GET /api/8745 HTTP/1.0" 200 16039
226.106.23.221 - - [15/Mar/2016:22:58:38 -0400] "GET /api/19331 HTTP/1.0" 200 19334
96.140.9.178 - - [15/Mar/2016:22:58:38 -0400] "GET /api/23318 HTTP/1.0" 200 722
136.22.238.41 - - [15/Mar/2016:22:58:38 -0400] "GET /api/18543 HTTP/1.0" 200 16091
1.101.142.236 - - [15/Mar/2016:22:58:38 -0400] "GET /api/19524 HTTP/1.0" 302 13534
109.66.56.93 - - [15/Mar/2016:22:58:38 -0400] "GET /api/28970 HTTP/1.0" 200 27106
196.239.123.120 - - [15/Mar/2016:22:58:38 -0400] "GET /api/16914 HTTP/1.0" 200 3958
39.210.18.148 - - [15/Mar/2016:22:58:38 -0400] "GET /img/cache-9135.jpg HTTP/1.0" 200 9444
93.134.27.253 - - [15/Mar/2016:22:58:38 -0400] "PUT /img/cache-16656.jpg HTTP/1.0" 404 2326
60.65.212.168 - - [15/Mar/2016:22:58:38 -0400] "GET /api/26793 HTTP/1.0" 200 17198
138.116.21.147 - - [15/Mar/2016:22:58:38 -0400] "GET /api/334 HTTP/1.0" 200 9124
252.239.210.56 - - [15/Mar/2016:22:58:38 -0400] "GET /api/3600 HTTP/1.0" 302 30276
110.132.92.161 - - [15/Mar/2016:22:58:38 -0400] "GET /api/5327 HTTP/1.0" 200 29059
129.0.190.130 - - [15/Mar/2016:22:58:38 -0400] "GET /api/29112 HTTP/1.0" 200 1602
131.174.69.139 - - [15/Mar/2016:22:58:38 -0400] "GET /api/22890 HTTP/1.0" 200 3392
15.4.222.160 - - [15/Mar/2016:22:58:38 -0400] "GET /help HTTP/1.0" 200 9303
115.207.57.3 - - [15/Mar/2016:22:58:38 -0400] "GET /api/7444 HTTP/1.0" 200 27791
187.19.37.182 - - [15/Mar/2016:22:58:38 -0400] "GET /api/11357 HTTP/1.0" 200 20032
31.13.135.150 - - [15/Mar/2016:22:58:38 -0400] "GET /img/cache-23741.jpg HTTP/1.0" 200 1535
133.250.218.207 - - [15/Mar/2016:22:58:38 -0400] "GET /27189/28451.gif HTTP/1.0" 200 17814
183.210.189.219 - - [15/Mar/2016:22:58:38 -0400] "GET /api/22296 HTTP/1.0" 200 1178
185.152.45.136 - - [15/Mar/2016:22:58:38 -0400] "GET /api/9257 HTTP/1.0" 200 23246
121.83.238.249 - - [15/Mar/2016:22:58:38 -0400] "GET /api/23768 HTTP/1.0" 200 16928
102.92.107.221 - - [15/Mar/2016:22:58:38 -0400] "GET /api/233 HTTP/1.0" 404 18429
218.137.152.210 - - [15/Mar/2016:22:58:38 -0400] "GET /api/4212 HTTP/1.0" 200 14345
68.200.135.189 - - [15/Mar/2016:22:58:38 -0400] "POST /api/13802 HTTP/1.0" 200 3357
125.55.190.173 - - [15/Mar/2016:22:58:38 -0400] "GET /api/7235 HTTP/1.0" 404 28982
93.51.138.103 - - [15/Mar/2016:22:58:38 -0400] "GET /api/26599 HTTP/1.0" 200 14005
101.248.204.210 - - [15/Mar/2016:22:58:38 -0400] "GET /img/cache-6159.jpg HTTP/1.0" 200 16420
165.101.47.44 - - [15/Mar/2016:22:58:38 -0400] "GET /api/27163 HTTP/1.0" 200 7404
162.22.57.182 - - [15/Mar/2016:22:58:38 -0400] "GET /api/27542 HTTP/1.0" 200 24347
236.175.68.10 - - [15/Mar/2016:22:58:38 -0400] "GET /api/21174 HTTP/1.0" 302 27593
207.242.92.27 - - [15/Mar/2016:22:58:38 -0400] "POST /api/5833 HTTP/1.0" 200 30596
85.208.46.208 - - [15/Mar/2016:22:58:38 -0400] "GET /img/cache-6192.jpg HTTP/1.0" 200 3806
195.28.163.92 - - [15/Mar/2016:22:58:38 -0400] "GET /api/10441 HTTP/1.0" 200 9195
219.127.124.245 - - [15/Mar/2016:22:58:38 -0400] "GET /api/8129 HTTP/1.0" 200 16404
46.59.83.168 - - [15/Mar/2016:22:58:38 -0400] "GET /17540/16847.gif HTTP/1.0" 302 31977
68.209.17.117 - - [15/Mar/2016:22:58:38 -0400] "GET /api/2173 HTTP/1.0" 200 12041
157.150.9.65 - - [15/Mar/2016:22:58:38 -0400] "GET /api/10703 HTTP/1.0" 200 9572
132.171.171.223 - - [15/Mar/2016:22:58:38 -0400] "GET /api/32623 HTTP/1.0" 200 819
60.1.50.58 - - [15/Mar/2016:22:58:38 -0400] "GET /32096/11068.gif HTTP/1.0" 200 10739
134.126.148.19 - - [15/Mar/2016:22:58:38 -0400] "GET /api/19581 HTTP/1.0" 200 13926
136.169.73.32 - - [15/Mar/2016:22:58:38 -0400] "GET /api/30121 HTTP/1.0" 200 27585
209.132.161.254 - - [15/Mar/2016:22:58:38 -0400] "GET /api/10049 HTTP/1.0" 404 27668
139.201.5.153 - - [15/Mar/2016:22:58:38 -0400] "GET /api/27158 HTTP/1.0" 200 5732
45.169.30.221 - - [15/Mar/2016:22:58:38 -0400] "GET /img/cache-23427.jpg HTTP/1.0" 200 6164
149.100.140.226 - - [15/Mar/2016:22:58:38 -0400] "GET /api/7293 HTTP/1.0" 302 24954
205.196.239.161 - - [15/Mar/2016:22:58:38 -0400] "GET /img/cache-23623.jpg HTTP/1.0" 200 7663
239.96.15.5 - - [15/Mar/2016:22:58:38 -0400] "GET /api/15152 HTTP/1.0" 200 25692
66.74.104.99 - - [15/Mar/2016:22:58:38 -0400] "GET /api/4288 HTTP/1.0" 200 31545
152.89.128.29 - - [15/Mar/2016:22:58:38 -0400] "GET /help HTTP/1.0" 302 24344
147.0.4.235 - - [15/Mar/2016:22:58:38 -0400] "GET /api/8941 HTTP/1.0" 200 15841
86.25.107.241 - - [15/Mar/2016:22:58:38 -0400] "POST /api/2145 HTTP/1.0" 302 3448
97.29.114.222 - - [15/Mar/2016:22:58:38 -0400] "GET /api/7577 HTTP/1.0" 200 25815
223.40.142.186 - - [15/Mar/2016:22:58:38 -0400] "GET /api/18855 HTTP/1.0" 200 2502
40.76.129.125 - - [15/Mar/2016:22:58:38 -0400] "GET /api/20693 HTTP/1.0" 200 21003
195.96.173.56 - - [15/Mar/2016:22:58:38 -0400] "GET /api/20349 HTTP/1.0" 200 28838
64.95.21.18 - - [15/Mar/2016:22:58:38 -0400] "GET /api/21864 HTTP/1.0" 302 15373
0.127.26.27 - - [15/Mar/2016:22:58:38 -0400] "GET /api/25561 HTTP/1.0" 200 1840
122.187.204.153 - - [15/Mar/2016:22:58:38 -0400] "GET /api/8872 HTTP/1.0" 200 27795
31.236.151.163 - - [15/Mar/2016:22:58:38 -0400] "GET /img/cache-27279.jpg HTTP/1.0" 302 18864
179.16.54.197 - - [15/Mar/2016:22:58:38 -0400] "GET /help HTTP/1.0" 404 27782
235.112.152.132 - - [15/Mar/2016:22:58:38 -0400] "GET /api/21023 HTTP/1.0" 302 22251
154.106.55.5 - - [15/Mar/2016:22:58:38 -0400] "GET /api/7119 HTTP/1.0" 302 2989
178.171.78.40 - - [15/Mar/2016:22:58:38 -0400] "GET /api/8215 HTTP/1.0" 500 16093
203.218.121.7 - - [15/Mar/2016:22:58:38 -0400] "GET /api/20 HTTP/1.0" 200 9887
10.50.239.53 - - [15/Mar/2016:22:58:38 -0400] "GET /api/20567 HTTP/1.0" 200 11065
82.17.150.136 - - [15/Mar/2016:22:58:38 -0400] "DELETE /api/4658 HTTP/1.0" 200 12188
19.137.9.167 - - [15/Mar/2016:22:58:38 -0400] "PUT /api/16612 HTTP/1.0" 302 12669
2.90.138.36 - - [15/Mar/2016:22:58:38 -0400] "GET /api/5378 HTTP/1.0" 200 12750
86.232.91.88 - - [15/Mar/2016:22:58:38 -0400] "GET /img/cache-8746.jpg HTTP/1.0" 200 32680
6.171.220.68 - - [15/Mar/2016:22:58:38 -0400] "GET /api/16551 HTTP/1.0" 302 11002
190.179.234.2 - - [15/Mar/2016:22:58:38 -0400] "GET /img/cache-31989.jpg HTTP/1.0" 200 1610
193.204.178.203 - - [15/Mar/2016:22:58:38 -0400] "GET /help HTTP/1.0" 200 1035
165.39.37.226 - - [15/Mar/2016:22:58:38 -0400] "GET /api/21084 HTTP/1.0" 200 7580
9.91.20.26 - - [15/Mar/2016:22:58:38 -0400] "GET /api/12190 HTTP/1.0" 200 29981
132.84.68.173 - - [15/Mar/2016:22:58:38 -0400] "GET /29073/7224.gif HTTP/1.0" 200 18717
32.51.194.173 - - [15/Mar/2016:22:58:38 -0400] "GET /api/18038 HTTP/1.0" 200 14944
159.112.42.11 - - [15/Mar/2016:22:58:38 -0400] "DELETE /help HTTP/1.0" 200 12393
129.59.124.228 - - [15/Mar/2016:22:58:38 -0400] "GET /img/cache-7714.jpg HTTP/1.0" 302 25424
195.135.61.21 - - [15/Mar/2016:22:58:38 -0400] "GET /api/7521 HTTP/1.0" 200 19323
74.149.164.111 - - [15/Mar/2016:22:58:38 -0400] "GET /api/1984 HTTP/1.0" 200 2031
197.172.71.3 - - [15/Mar/2016:22:58:38 -0400] "GET /img/cache-13477.jpg HTTP/1.0" 302 28232
52.128.139.235 - - [15/Mar/2016:22:58:38 -0400] "GET /api/31247 HTTP/1.0" 200 16842
189.159.145.252 - - [15/Mar/2016:22:58:38 -0400] "GET /api/10108 HTTP/1.0" 200 22905
4.30.65.99 - - [15/Mar/2016:22:58:38 -0400] "GET /api/1163 HTTP/1.0" 200 7296
247.117.66.173 - - [15/Mar/2016:22:58:38 -0400] "GET /api/10028 HTTP/1.0" 200 6693
144.134.111.129 - - [15/Mar/2016:22:58:38 -0400] "GET /api/21839 HTTP/1.0" 200 31103
